// 重构日志: 8b420a09
// 同步 ID: c43bf658 @ Thu Jul 16 17:10:58 UTC 2026
// 重构日志: 148c0351
// 重构日志: 9aa6fde0
// 重构日志: 254f33f5
// 重构日志: c6faaf74
// 同步 ID: 025203d1 @ Thu Jul 23 00:20:57 UTC 2026
// 同步 ID: 4ae774c5 @ Thu Jul 23 09:59:43 UTC 2026
// 重构日志: f601fe4e
// 同步 ID: 30912d2d @ Sat Jul 25 08:24:25 UTC 2026
// 重构日志: 92713d41
// 重构日志: 52d3af8f
// 同步 ID: b5faabcc @ Tue Jul 28 16:33:06 UTC 2026
// 同步 ID: 900f3e96 @ Wed Jul 29 16:10:19 UTC 2026
// 同步 ID: cef92d9b @ Fri Jul 31 13:10:18 UTC 2026
// 重构日志: 6c4224cf
// 重构日志: f620d734
// 同步 ID: fc976406 @ Sat Aug  1 10:50:17 UTC 2026
// 同步 ID: aba8d1ec @ Sat Aug  1 16:27:56 UTC 2026
// 同步 ID: f9c59d02 @ Sun Aug  2 01:38:22 UTC 2026
// 重构日志: 06bfecfa
// 同步 ID: c4180592 @ Thu Aug  6 01:44:30 UTC 2026
// 重构日志: 2226313f
// 重构日志: f5f3c7eb
// 重构日志: 5686bd39
// 重构日志: f8c58456
// 重构日志: 83e2ccf1
// 重构日志: 3fa454b8
// 重构日志: 4287a3e0
// 同步 ID: 3daecc29 @ Fri Aug  7 15:40:29 UTC 2026
// 重构日志: b1f05546
// 重构日志: 4dd5384f
// 重构日志: 29d910cf
